// Jest Snapshot v1, https://goo.gl/fbAQLP

exports[`public api 1`] = `
Array [
  "setContains",
  "setComplement",
  "setAllIntervals",
  "setPosition",
  "setUnion",
  "set",
  "setDifference",
  "setIntersection",
  "intervalContainsValue",
  "intervalContainsInterval",
  "intervalContains",
  "intervalContainingValues",
  "vectorSum",
  "vectorSub",
  "vectorMult",
  "vectorDiv",
  "vectorMagnitude",
  "vectorUnit",
  "vectorScale",
  "vectorRound",
  "vectorCeil",
  "vectorFloor",
  "rectIntervalOnAxis",
  "rectIntervalOnX",
  "rectIntervalOnY",
  "rectIsValid",
  "rectDirection",
  "rectRelativePosition",
  "rectCenter",
  "rectWidth",
  "rectHeight",
  "rectTranslate",
  "rectScale",
  "rectContainsCoord",
  "rectIntersectionOnY",
  "rectIntersectsOnY",
  "rectIntersectionOnX",
  "rectIntersectsOnX",
  "rectIntersectionRect",
  "rectIntersects",
  "rectContainingCoords",
  "rectIsS",
  "rectIsN",
  "rectIsE",
  "rectIsW",
  "rectDistanceX",
  "rectDistanceY",
]
`;
